M-C-t (open terminal)
$ setxkbmap -option "ctrl:nocaps"
$ cd ~/Desktop/yolov5_pytorch
$ source ~/Desktop/test_env/bin/activate
$ python3 client_raspi.py

M-CL(C)-t (open terminal)
$ emacs
SPC g s F p (git pull)
SPC f l (load file)
select client_simple_raspi.py
SPC SPC python-mode RET
insert ip = '...'
port = ...


(In PC:
    $ source ~/virtualenv_environments/py38_yolov5_pytorch/bin/activate
    $ cd ~/Desktop/yolov5_pytorch
    (set port to ... in server_pc.py)
    $ python3 server_pc.py
)

M-C-t (open terminal)
$ cd ~/Desktop/yolov5_pytorch
$ source ~/Desktop/test_env/bin/activate
(cv2 and tensorflow installed in this env)
$ sudo python client_simple_raspi.py

If you get "ModuleNotFoundError: No module named 'RPi'" error in virual env, install it while env is activate with:
$ pip3 install RPi.GPIO